====finished
0 out of 0 tests passed.
